Excersice 4

1. Shell script to prefix all the filenames with the date dd/mm/YY format

file="/home/nivedha/test"
cdate=$(date +%d-%m-%Y)
for file in *
do      
        mv "$file" "$cdate"_"$file"
done 

OUTPUT

28-02-2018_t1
28-02-2018_t2
28-02-2018_t3

2.Grep with all possible options

$ cat > sample
Unix is a programming language that use commands
unix is case sensitive
It helps to perform multi task

With "-i" option
$ grep -i "unix" sample

With "-v" option
$ grep -v "unix" sample

With "-n" option
grep -n "unix" sample

With "-c" option
$ grep -c "unix" sample

With "-l" option
$ grep -l "unix" sample

With "-e" option
$ grep -e "unix" -e "Unix" sample

With "-x" option
$ grep -x "unix" sample

3.Setting permission to the files/directories

$ cat > sample
$ chmod u+x sample
ls -l sample

-rwxr--r-- 1 cs2016a204 cs2016a204 28 Feb 10:15 sample

4.File related commands

* cp command
Create two files s1 and s2 
$ cat > s1
hi
$ cat > s2
hello
$ cp s2m s1
$ cat s1

hello

* rm command
The created file s1 gets deleted
$ rm s1
$ cat s1

cat: s1: No such file or directory

*mv command
Create two files n1 and n2
$ cat > n1
hi
$ cat > n2
hello
$ mv n2 n1
$ cat n1

hello

* cmp command



